// Jest Snapshot v1, https://goo.gl/fbAQLP

exports[`app 1) renders successfully with data from redux store 1`] = `
<div
  className="app-container"
>
  <div
    className="landing"
  >
    <div
      className="header"
    >
      <span
        className="title"
      >
        Graff Exchange
      </span>
      <span
        className="blurb"
      >
        Graff Exchange, a real-time stock portfolio application built with a full stack: React, Redux, Sass, Socket.io, Node.js, GraphQL, Redis, PostgreSQL, and AWS.
      </span>
      <img
        src="../assets/graphql_logo.png"
      />
      <div
        className="sign-btns"
      >
        <span
          onClick={[Function]}
        >
          Sign In
        </span>
        <span
          className="unselected"
          onClick={[Function]}
        >
          Sign Up
        </span>
      </div>
    </div>
    <div
      className="form"
    >
      <form>
        <div>
          <span>
            Email
          </span>
          <input
            name="email"
            onChange={[Function]}
            required={true}
            type="email"
            value=""
          />
        </div>
        <div>
          <span>
            Password
          </span>
          <input
            name="password"
            onChange={[Function]}
            type="password"
            value=""
          />
        </div>
        <button
          onClick={[Function]}
        >
          Sign In
        </button>
        <span
          onClick={[Function]}
        >
          Sign into Demo Account
        </span>
      </form>
    </div>
  </div>
  <footer>
    <a
      href="https://github.com/iamjoncannon/Graff_Exchange"
      target="_blank"
    >
      <img
        src="https://jayceecodesphotos.s3.amazonaws.com/react.png"
      />
    </a>
    <a
      href="https://github.com/iamjoncannon/Graff_Exchange"
      target="_blank"
    >
      <img
        src="https://jayceecodesphotos.s3.amazonaws.com/redux.png"
      />
    </a>
    <a
      href="https://github.com/iamjoncannon/Graff_Exchange"
      target="_blank"
    >
      <img
        src="https://upload.wikimedia.org/wikipedia/commons/thumb/9/96/Sass_Logo_Color.svg/2000px-Sass_Logo_Color.svg.png"
        style={
          Object {
            "backgroundColor": "white",
            "borderRadius": "10px",
          }
        }
      />
    </a>
    <a
      href="https://github.com/iamjoncannon/Graff_Exchange_API"
      target="_blank"
    >
      <img
        src="../assets/graphql_logo.png"
      />
    </a>
    <a
      href="https://github.com/iamjoncannon/Graff_Exchange_API"
      target="_blank"
    >
      <img
        src="http://pluspng.com/img-png/nodejs-logo-png-nice-images-collection-node-js-desktop-wallpapers-370.png"
      />
    </a>
    <a
      href="https://github.com/iamjoncannon/Graff_Exchange_API"
      target="_blank"
    >
      <img
        src="https://cdn.iconscout.com/icon/free/png-512/redis-6-1175105.png"
      />
    </a>
    <a
      href="https://github.com/iamjoncannon/Graff_Exchange_API"
      target="_blank"
    >
      <img
        src="https://jayceecodesphotos.s3.amazonaws.com/postgres.png"
      />
    </a>
    <a
      href="https://github.com/iamjoncannon/Graff_Exchange_API"
      target="_blank"
    >
      <img
        src="https://jayceecodesphotos.s3.amazonaws.com/aws.png"
        style={
          Object {
            "borderRadius": "10px",
          }
        }
      />
    </a>
  </footer>
</div>
`;
