// Jest Snapshot v1, https://goo.gl/fbAQLP

exports[`DataNav 1) renders successfully 1`] = `
<div
  className="data-nav"
>
  <span
    onClick={[Function]}
  >
    1
  </span>
  <span
    onClick={[Function]}
  >
    2
  </span>
  <span
    className="selected"
    onClick={[Function]}
  >
    3
  </span>
  <span
    onClick={[Function]}
  >
    5
  </span>
</div>
`;
