// Jest Snapshot v1, https://goo.gl/fbAQLP

exports[`Footer 1) renders successfully 1`] = `
<footer>
  <a
    href="https://github.com/iamjoncannon/Graff_Exchange"
    target="_blank"
  >
    <img
      src="https://jayceecodesphotos.s3.amazonaws.com/react.png"
    />
  </a>
  <a
    href="https://github.com/iamjoncannon/Graff_Exchange"
    target="_blank"
  >
    <img
      src="https://jayceecodesphotos.s3.amazonaws.com/redux.png"
    />
  </a>
  <a
    href="https://github.com/iamjoncannon/Graff_Exchange"
    target="_blank"
  >
    <img
      src="https://upload.wikimedia.org/wikipedia/commons/thumb/9/96/Sass_Logo_Color.svg/2000px-Sass_Logo_Color.svg.png"
      style={
        Object {
          "backgroundColor": "white",
          "borderRadius": "10px",
        }
      }
    />
  </a>
  <a
    href="https://github.com/iamjoncannon/Graff_Exchange_API"
    target="_blank"
  >
    <img
      src="../assets/graphql_logo.png"
    />
  </a>
  <a
    href="https://github.com/iamjoncannon/Graff_Exchange_API"
    target="_blank"
  >
    <img
      src="http://pluspng.com/img-png/nodejs-logo-png-nice-images-collection-node-js-desktop-wallpapers-370.png"
    />
  </a>
  <a
    href="https://github.com/iamjoncannon/Graff_Exchange_API"
    target="_blank"
  >
    <img
      src="https://cdn.iconscout.com/icon/free/png-512/redis-6-1175105.png"
    />
  </a>
  <a
    href="https://github.com/iamjoncannon/Graff_Exchange_API"
    target="_blank"
  >
    <img
      src="https://jayceecodesphotos.s3.amazonaws.com/postgres.png"
    />
  </a>
  <a
    href="https://github.com/iamjoncannon/Graff_Exchange_API"
    target="_blank"
  >
    <img
      src="https://jayceecodesphotos.s3.amazonaws.com/aws.png"
      style={
        Object {
          "borderRadius": "10px",
        }
      }
    />
  </a>
</footer>
`;
