// Jest Snapshot v1, https://goo.gl/fbAQLP

exports[`Socket 1) renders successfully with data from redux store 1`] = `
<div
  style={
    Object {
      "height": "0",
      "width": "0",
    }
  }
/>
`;
